main.c:96:5:main	8	static
main.c:170:6:SystemClock_Config	72	static
main.c:209:13:MX_SPI2_Init	8	static
main.c:247:13:MX_USART1_UART_Init	8	static
main.c:280:13:MX_GPIO_Init	40	static
main.c:338:5:_write	24	static
main.c:352:9:AsciGetModel	16	static
main.c:364:9:AsciUartInitSeq2	384	static
main.c:500:6:AsciInit	216	static
main.c:517:6:AsciTaskCirciualMethod	96	static
main.c:558:6:AsciTask	80	static
main.c:595:9:AsciUartInitSeq3	128	static
main.c:702:9:AsciUartInitSeq	64	static
main.c:820:9:AsciWrite	24	static
main.c:837:9:AsciReadRegU8	16	static
main.c:843:9:AsciReadReg	56	dynamic
main.c:869:6:LiveLedOn	8	static
main.c:874:6:LiveLedOff	8	static
main.c:887:6:Error_Handler	4	static
