main.c:96:5:main	8	static
main.c:176:6:SystemClock_Config	88	static
main.c:221:13:MX_SPI2_Init	8	static
main.c:259:13:MX_GPIO_Init	40	static
main.c:331:5:_write	24	static
main.c:337:6:TestVcpTask	104	static
main.c:362:9:AsciGetModel	16	static
main.c:374:9:AsciUartInitSeq2	384	static
main.c:510:6:AsciInit	216	static
main.c:527:6:AsciTaskCirciualMethod	96	static
main.c:568:6:AsciTask	88	static
main.c:607:9:AsciUartInitSeq	48	static
main.c:723:9:AsciWrite	24	static
main.c:740:9:AsciReadRegU8	16	static
main.c:746:9:AsciReadReg	56	dynamic
main.c:772:6:AsciWakeUp	8	static
main.c:777:6:AsciShutDown	8	static
main.c:783:6:LiveLedOn	8	static
main.c:788:6:LiveLedOff	8	static
main.c:793:6:UsbPullUp	8	static
main.c:805:6:Error_Handler	4	static
